../Core/Src/main.c:93:13:log_printf	16	static
../Core/Src/main.c:123:5:main	16	static
../Core/Src/main.c:228:6:SystemClock_Config	72	static
../Core/Src/main.c:265:13:MX_USART1_UART_Init	8	static
../Core/Src/main.c:298:13:MX_GPIO_Init	16	static
../Core/Src/main.c:323:6:StartFastTask	24	static
../Core/Src/main.c:346:6:StartMedTask	24	static
../Core/Src/main.c:371:6:StartSlowTask	24	static
../Core/Src/main.c:397:6:HAL_TIM_PeriodElapsedCallback	16	static
../Core/Src/main.c:415:6:Error_Handler	4	static,ignoring_inline_asm
